
         /\      Grafana   /‾‾/
    /\  /  \     |\  __   /  /
   /  \/    \    | |/ /  /   ‾‾\
  /          \   |   (  |  (‾)  |
 / __________ \  |_|\_\  \_____/

     execution: local
        script: stress-test.js
        output: -

     scenarios: (100.00%) 1 scenario, 20 max VUs, 1m20s max duration (incl. graceful stop):
              * default: Up to 20 looping VUs for 50s over 3 stages (gracefulRampDown: 30s, gracefulStop: 30s)



  █ THRESHOLDS

    http_req_duration
    ✓ 'p(95)<500' p(95)=61.85ms


  █ TOTAL RESULTS

    checks_total.......................: 1564    31.152569/s
    checks_succeeded...................: 100.00% 1564 out of 1564
    checks_failed......................: 0.00%   0 out of 1564

    ✓ login status 200
    ✓ status es 200

    HTTP
    http_req_duration.......................................................: avg=20.19ms min=503µs med=14.7ms max=273.44ms p(90)=43.38ms p(95)=61.85ms
      { expected_response:true }............................................: avg=20.19ms min=503µs med=14.7ms max=273.44ms p(90)=43.38ms p(95)=61.85ms
    http_req_failed.........................................................: 0.00%  0 out of 1564
    http_reqs...............................................................: 1564   31.152569/s

    EXECUTION
    iteration_duration......................................................: avg=1.04s   min=1s    med=1.03s  max=1.36s    p(90)=1.08s   p(95)=1.1s
    iterations..............................................................: 782    15.576284/s
    vus.....................................................................: 2      min=2         max=20
    vus_max.................................................................: 20     min=20        max=20

    NETWORK
    data_received...........................................................: 594 kB 12 kB/s
    data_sent...............................................................: 324 kB 6.4 kB/s




running (0m50.2s), 00/20 VUs, 782 complete and 0 interrupted iterations
default ✓ [======================================] 00/20 VUs  50s
